ch   refinement                     B_ref        measured     nonzero  agrees
D_Q  eligible_all                   0.000455     0.000455     120      True
D_Q  eligible_phase_even            0.000952     0.000952     120      True
D_Q  eligible_phase_odd             0.000870     0.000870     120      True
D_Q  eligible_cause_rank_lower      0.000455     0.000455     60       True
D_Q  eligible_error_absent          0.000455     0.000455     60       True
D_Q  eligible_base_option_nonzero   0.000571     0.000571     120      True
X    eligible_all                   0.000909     0.000909     120      True
X    eligible_phase_even            0.001905     0.001905     120      True
X    eligible_phase_odd             0.001739     0.001739     120      True
X    eligible_cause_rank_lower      0.000909     0.000909     60       True
X    eligible_error_absent          0.000909     0.000909     60       True
X    eligible_base_option_nonzero   0.001143     0.001143     120      True
P    eligible_all                   0.150000     0.150000     1440     True
P    eligible_phase_even            0.204444     0.204444     720      True
P    eligible_phase_odd             0.095556     0.095556     720      True
P    eligible_cause_rank_lower      0.150000     0.150000     720      True
P    eligible_error_absent          0.150000     0.150000     720      True
P    eligible_base_option_nonzero   0.150000     0.150000     1440     True
cells: 18 / 18 | worst abs gap: 4.441e-16
artifact: experiments\v03r\calibration_report.json

STDERR
